[pid 641304] <... openat resumed>)      = 7
[pid 641302] <... access resumed>)      = -1 ENOENT (No such file or directory)
[pid 641304] read(7,  <unfinished ...>
[pid 641302] access("/usr/lib/gcc/x86_64-pc-linux-gnu/10.2.0/../../../../x86_64-pc-linux-gnu/lib/x86_64-pc-linux-gnu/10.2.0/crti.o", R_OK <unfinished ...>
[pid 641304] <... read resumed>"\177ELF\2\1\1\0\0\0\0\0\0\0\0\0\3\0>\0\1\0\0\0\200\20\1\0\0\0\0\0"..., 832) = 832
[pid 641302] <... access resumed>)      = -1 ENOENT (No such file or directory)
[pid 641304] fstat(7,  <unfinished ...>
[pid 641302] access("/usr/lib/gcc/x86_64-pc-linux-gnu/10.2.0/../../../../x86_64-pc-linux-gnu/lib/../lib/crti.o", R_OK <unfinished ...>
[pid 641304] <... fstat resumed>{st_mode=S_IFREG|0755, st_size=653640, ...}) = 0
[pid 641302] <... access resumed>)      = -1 ENOENT (No such file or directory)
[pid 641304] mmap(NULL, 655872, PROT_READ, MAP_PRIVATE|MAP_DENYWRITE, 7, 0 <unfinished ...>
[pid 641302] access("/usr/lib/gcc/x86_64-pc-linux-gnu/10.2.0/../../../x86_64-pc-linux-gnu/10.2.0/crti.o", R_OK <unfinished ...>
[pid 641304] <... mmap resumed>)        = 0x7f711195d000
[pid 641302] <... access resumed>)      = -1 ENOENT (No such file or directory)
[pid 641304] mprotect(0x7f711196e000, 577536, PROT_NONE <unfinished ...>
[pid 641302] access("/usr/lib/gcc/x86_64-pc-linux-gnu/10.2.0/../../../../lib/crti.o", R_OK <unfinished ...>
[pid 641304] <... mprotect resumed>)    = 0
[pid 641302] <... access resumed>)      = 0
[pid 641304] mmap(0x7f711196e000, 479232, PROT_READ|PROT_EXEC, MAP_PRIVATE|MAP_FIXED|MAP_DENYWRITE, 7, 0x11000 <unfinished ...>
[pid 641302] access("/usr/lib/gcc/x86_64-pc-linux-gnu/10.2.0/crtbeginS.o", R_OK <unfinished ...>
[pid 641304] <... mmap resumed>)        = 0x7f711196e000
[pid 641302] <... access resumed>)      = 0
[pid 641304] mmap(0x7f71119e3000, 94208, PROT_READ, MAP_PRIVATE|MAP_FIXED|MAP_DENYWRITE, 7, 0x86000 <unfinished ...>
[pid 641302] stat("/usr/lib/gcc/x86_64-pc-linux-gnu/10.2.0/.",  <unfinished ...>
[pid 641304] <... mmap resumed>)        = 0x7f71119e3000
[pid 641302] <... stat resumed>{st_mode=S_IFDIR|0755, st_size=4096, ...}) = 0
[pid 641304] mmap(0x7f71119fb000, 12288, PROT_READ|PROT_WRITE, MAP_PRIVATE|MAP_FIXED|MAP_DENYWRITE, 7, 0x9d000 <unfinished ...>
[pid 641302] stat("/usr/lib/gcc/x86_64-pc-linux-gnu/10.2.0/../../../../x86_64-pc-linux-gnu/lib/x86_64-pc-linux-gnu/10.2.0/.",  <unfinished ...>
[pid 641304] <... mmap resumed>)        = 0x7f71119fb000
[pid 641302] <... stat resumed>0x7fffdba2c240) = -1 ENOENT (No such file or directory)
[pid 641304] close(7 <unfinished ...>
[pid 641302] stat("/usr/lib/gcc/x86_64-pc-linux-gnu/10.2.0/../../../../x86_64-pc-linux-gnu/lib/../lib/.",  <unfinished ...>
[pid 641304] <... close resumed>)       = 0
[pid 641302] <... stat resumed>0x7fffdba2c240) = -1 ENOENT (No such file or directory)
[pid 641304] openat(AT_FDCWD, "/usr/lib/libdl.so.2", O_RDONLY|O_CLOEXEC <unfinished ...>
[pid 641302] stat("/usr/lib/gcc/x86_64-pc-linux-gnu/10.2.0/../../../x86_64-pc-linux-gnu/10.2.0/.",  <unfinished ...>
[pid 641304] <... openat resumed>)      = 7
[pid 641302] <... stat resumed>0x7fffdba2c240) = -1 ENOENT (No such file or directory)
[pid 641304] read(7,  <unfinished ...>
[pid 641302] stat("/usr/lib/gcc/x86_64-pc-linux-gnu/10.2.0/../../../../lib/.",  <unfinished ...>
[pid 641304] <... read resumed>"\177ELF\2\1\1\0\0\0\0\0\0\0\0\0\3\0>\0\1\0\0\0\20\22\0\0\0\0\0\0"..., 832) = 832
[pid 641302] <... stat resumed>{st_mode=S_IFDIR|0755, st_size=294912, ...}) = 0
[pid 641304] fstat(7,  <unfinished ...>
[pid 641302] stat("/lib/x86_64-pc-linux-gnu/10.2.0/.",  <unfinished ...>
[pid 641304] <... fstat resumed>{st_mode=S_IFREG|0755, st_size=18608, ...}) = 0
[pid 641302] <... stat resumed>0x7fffdba2c240) = -1 ENOENT (No such file or directory)
[pid 641304] mmap(NULL, 20624, PROT_READ, MAP_PRIVATE|MAP_DENYWRITE, 7, 0 <unfinished ...>
[pid 641302] stat("/lib/../lib/.",  <unfinished ...>
[pid 641304] <... mmap resumed>)        = 0x7f7111957000
[pid 641302] <... stat resumed>{st_mode=S_IFDIR|0755, st_size=294912, ...}) = 0
[pid 641304] mmap(0x7f7111958000, 8192, PROT_READ|PROT_EXEC, MAP_PRIVATE|MAP_FIXED|MAP_DENYWRITE, 7, 0x1000 <unfinished ...>
[pid 641302] stat("/usr/lib/x86_64-pc-linux-gnu/10.2.0/.",  <unfinished ...>
[pid 641304] <... mmap resumed>)        = 0x7f7111958000
[pid 641302] <... stat resumed>0x7fffdba2c240) = -1 ENOENT (No such file or directory)
[pid 641304] mmap(0x7f711195a000, 4096, PROT_READ, MAP_PRIVATE|MAP_FIXED|MAP_DENYWRITE, 7, 0x3000 <unfinished ...>
[pid 641302] stat("/usr/lib/../lib/.",  <unfinished ...>
[pid 641304] <... mmap resumed>)        = 0x7f711195a000
[pid 641302] <... stat resumed>{st_mode=S_IFDIR|0755, st_size=294912, ...}) = 0
[pid 641304] mmap(0x7f711195b000, 8192, PROT_READ|PROT_WRITE, MAP_PRIVATE|MAP_FIXED|MAP_DENYWRITE, 7, 0x3000 <unfinished ...>
[pid 641302] stat("/usr/lib/gcc/x86_64-pc-linux-gnu/10.2.0/../../../../x86_64-pc-linux-gnu/lib/.",  <unfinished ...>
[pid 641304] <... mmap resumed>)        = 0x7f711195b000
[pid 641302] <... stat resumed>0x7fffdba2c240) = -1 ENOENT (No such file or directory)
[pid 641304] close(7 <unfinished ...>
[pid 641302] stat("/usr/lib/gcc/x86_64-pc-linux-gnu/10.2.0/../../../.",  <unfinished ...>
[pid 641304] <... close resumed>)       = 0
[pid 641302] <... stat resumed>{st_mode=S_IFDIR|0755, st_size=294912, ...}) = 0
[pid 641304] openat(AT_FDCWD, "/usr/lib/libz.so.1", O_RDONLY|O_CLOEXEC) = 7
[pid 641304] read(7, "\177ELF\2\1\1\0\0\0\0\0\0\0\0\0\3\0>\0\1\0\0\0 0\0\0\0\0\0\0"..., 832) = 832
[pid 641302] access("/usr/lib/gcc/x86_64-pc-linux-gnu/10.2.0/crtendS.o", R_OK <unfinished ...>
[pid 641304] fstat(7,  <unfinished ...>
[pid 641302] <... access resumed>)      = 0
[pid 641304] <... fstat resumed>{st_mode=S_IFREG|0755, st_size=100096, ...}) = 0
[pid 641302] access("/usr/lib/gcc/x86_64-pc-linux-gnu/10.2.0/crtn.o", R_OK <unfinished ...>
[pid 641304] mmap(NULL, 102416, PROT_READ, MAP_PRIVATE|MAP_DENYWRITE, 7, 0 <unfinished ...>
[pid 641302] <... access resumed>)      = -1 ENOENT (No such file or directory)
[pid 641304] <... mmap resumed>)        = 0x7f711193d000
[pid 641302] access("/usr/lib/gcc/x86_64-pc-linux-gnu/10.2.0/../../../../x86_64-pc-linux-gnu/lib/x86_64-pc-linux-gnu/10.2.0/crtn.o", R_OK <unfinished ...>
[pid 641304] mprotect(0x7f7111940000, 86016, PROT_NONE <unfinished ...>
[pid 641302] <... access resumed>)      = -1 ENOENT (No such file or directory)
[pid 641304] <... mprotect resumed>)    = 0
[pid 641302] access("/usr/lib/gcc/x86_64-pc-linux-gnu/10.2.0/../../../../x86_64-pc-linux-gnu/lib/../lib/crtn.o", R_OK <unfinished ...>
[pid 641304] mmap(0x7f7111940000, 57344, PROT_READ|PROT_EXEC, MAP_PRIVATE|MAP_FIXED|MAP_DENYWRITE, 7, 0x3000 <unfinished ...>
[pid 641302] <... access resumed>)      = -1 ENOENT (No such file or directory)
[pid 641304] <... mmap resumed>)        = 0x7f7111940000
[pid 641302] access("/usr/lib/gcc/x86_64-pc-linux-gnu/10.2.0/../../../x86_64-pc-linux-gnu/10.2.0/crtn.o", R_OK <unfinished ...>
[pid 641304] mmap(0x7f711194e000, 24576, PROT_READ, MAP_PRIVATE|MAP_FIXED|MAP_DENYWRITE, 7, 0x11000 <unfinished ...>
[pid 641302] <... access resumed>)      = -1 ENOENT (No such file or directory)
[pid 641304] <... mmap resumed>)        = 0x7f711194e000
[pid 641302] access("/usr/lib/gcc/x86_64-pc-linux-gnu/10.2.0/../../../../lib/crtn.o", R_OK <unfinished ...>
[pid 641304] mmap(0x7f7111955000, 8192, PROT_READ|PROT_WRITE, MAP_PRIVATE|MAP_FIXED|MAP_DENYWRITE, 7, 0x17000 <unfinished ...>
[pid 641302] <... access resumed>)      = 0
[pid 641304] <... mmap resumed>)        = 0x7f7111955000
[pid 641302] stat("/usr/lib/gcc/x86_64-pc-linux-gnu/10.2.0/collect2",  <unfinished ...>
[pid 641304] close(7 <unfinished ...>
[pid 641302] <... stat resumed>{st_mode=S_IFREG|0755, st_size=634984, ...}) = 0
[pid 641304] <... close resumed>)       = 0
[pid 641302] access("/usr/lib/gcc/x86_64-pc-linux-gnu/10.2.0/collect2", X_OK <unfinished ...>
[pid 641304] openat(AT_FDCWD, "/usr/lib/libzstd.so.1", O_RDONLY|O_CLOEXEC <unfinished ...>
[pid 641302] <... access resumed>)      = 0
[pid 641304] <... openat resumed>)      = 7
[pid 641302] pipe2( <unfinished ...>
[pid 641304] read(7,  <unfinished ...>
[pid 641302] <... pipe2 resumed>0x7fffdba2c360, O_CLOEXEC) = -1 EPERM (Operation not permitted)
[pid 641304] <... read resumed>"\177ELF\2\1\1\0\0\0\0\0\0\0\0\0\3\0>\0\1\0\0\0 P\0\0\0\0\0\0"..., 832) = 832
[pid 641302] vfork( <unfinished ...>
[pid 641304] fstat(7, {st_mode=S_IFREG|0755, st_size=853696, ...}) = 0
strace: Process 641305 attached
[pid 641304] mmap(NULL, 856120, PROT_READ, MAP_PRIVATE|MAP_DENYWRITE, 7, 0 <unfinished ...>
[pid 641305] execve("/usr/lib/gcc/x86_64-pc-linux-gnu/10.2.0/collect2", ["/usr/lib/gcc/x86_64-pc-linux-gnu"..., "-plugin", "/usr/lib/gcc/x86_64-pc-linux-gnu"..., "-plugin-opt=/usr/lib/gcc/x86_64-"..., "-plugin-opt=-fresolution=/tmp/cc"..., "-plugin-opt=-pass-through=-lgcc_"..., "-plugin-opt=-pass-through=-lgcc", "-plugin-opt=-pass-through=-lc", "-plugin-opt=-pass-through=-lgcc_"..., "-plugin-opt=-pass-through=-lgcc", "--build-id", "--eh-frame-hdr", "--hash-style=gnu", "-m", "elf_x86_64", "-dynamic-linker", "/lib64/ld-linux-x86-64.so.2", "-pie", "-o", "test_fail.x86_64", "/usr/lib/gcc/x86_64-pc-linux-gnu"..., "/usr/lib/gcc/x86_64-pc-linux-gnu"..., "/usr/lib/gcc/x86_64-pc-linux-gnu"..., "-L/usr/lib/gcc/x86_64-pc-linux-g"..., "-L/usr/lib/gcc/x86_64-pc-linux-g"..., "-L/lib/../lib", "-L/usr/lib/../lib", "-L/usr/lib/gcc/x86_64-pc-linux-g"..., "/home/hexular/Desktop/prog/githu"..., "-lstdc++", "-lm", "-lgcc_s", ...], 0x115bc40 /* 6 vars */ <unfinished ...>
[pid 641304] <... mmap resumed>)        = 0x7f711186b000
[pid 641304] mmap(0x7f7111870000, 757760, PROT_READ|PROT_EXEC, MAP_PRIVATE|MAP_FIXED|MAP_DENYWRITE, 7, 0x5000) = 0x7f7111870000
[pid 641304] mmap(0x7f7111929000, 73728, PROT_READ, MAP_PRIVATE|MAP_FIXED|MAP_DENYWRITE, 7, 0xbe000) = 0x7f7111929000
[pid 641304] mmap(0x7f711193b000, 8192, PROT_READ|PROT_WRITE, MAP_PRIVATE|MAP_FIXED|MAP_DENYWRITE, 7, 0xcf000 <unfinished ...>
[pid 641302] <... vfork resumed>)       = 641305
[pid 641304] <... mmap resumed>)        = 0x7f711193b000
[pid 641302] wait4(641305,  <unfinished ...>
[pid 641304] close(7)                   = 0
[pid 641304] openat(AT_FDCWD, "/usr/lib/libm.so.6", O_RDONLY|O_CLOEXEC) = 7
[pid 641304] read(7,  <unfinished ...>
[pid 641305] <... execve resumed>)      = 0
[pid 641304] <... read resumed>"\177ELF\2\1\1\3\0\0\0\0\0\0\0\0\3\0>\0\1\0\0\0\260\363\0\0\0\0\0\0"..., 832) = 832
[pid 641304] fstat(7, {st_mode=S_IFREG|0755, st_size=1332096, ...}) = 0
[pid 641304] mmap(NULL, 8192, PROT_READ|PROT_WRITE, MAP_PRIVATE|MAP_ANONYMOUS, -1, 0 <unfinished ...>
[pid 641305] brk(NULL <unfinished ...>
[pid 641304] <... mmap resumed>)        = 0x7f7111869000
[pid 641304] mmap(NULL, 1331224, PROT_READ, MAP_PRIVATE|MAP_DENYWRITE, 7, 0) = 0x7f7111723000
[pid 641305] <... brk resumed>)         = 0x71c000
[pid 641304] mmap(0x7f7111732000, 638976, PROT_READ|PROT_EXEC, MAP_PRIVATE|MAP_FIXED|MAP_DENYWRITE, 7, 0xf000 <unfinished ...>
[pid 641305] arch_prctl(0x3001 /* ARCH_??? */, 0x7ffdebc564d0 <unfinished ...>
[pid 641304] <... mmap resumed>)        = 0x7f7111732000
[pid 641305] <... arch_prctl resumed>)  = -1 EINVAL (Invalid argument)
[pid 641304] mmap(0x7f71117ce000, 626688, PROT_READ, MAP_PRIVATE|MAP_FIXED|MAP_DENYWRITE, 7, 0xab000) = 0x7f71117ce000
[pid 641305] access("/etc/ld.so.preload", R_OK <unfinished ...>
[pid 641304] mmap(0x7f7111867000, 8192, PROT_READ|PROT_WRITE, MAP_PRIVATE|MAP_FIXED|MAP_DENYWRITE, 7, 0x143000 <unfinished ...>
[pid 641305] <... access resumed>)      = -1 ENOENT (No such file or directory)
[pid 641304] <... mmap resumed>)        = 0x7f7111867000
[pid 641305] openat(AT_FDCWD, "/etc/ld.so.cache", O_RDONLY|O_CLOEXEC) = 5
[pid 641304] close(7 <unfinished ...>
[pid 641305] fstat(5,  <unfinished ...>
[pid 641304] <... close resumed>)       = 0
[pid 641305] <... fstat resumed>{st_mode=S_IFREG|0644, st_size=337617, ...}) = 0
[pid 641304] openat(AT_FDCWD, "/usr/lib/libc.so.6", O_RDONLY|O_CLOEXEC <unfinished ...>
[pid 641305] mmap(NULL, 337617, PROT_READ, MAP_PRIVATE, 5, 0 <unfinished ...>
[pid 641304] <... openat resumed>)      = 7
[pid 641305] <... mmap resumed>)        = 0x7f78a9ee1000
[pid 641304] read(7,  <unfinished ...>
[pid 641305] close(5 <unfinished ...>
[pid 641304] <... read resumed>"\177ELF\2\1\1\3\0\0\0\0\0\0\0\0\3\0>\0\1\0\0\0\220\202\2\0\0\0\0\0"..., 832) = 832
[pid 641305] <... close resumed>)       = 0
[pid 641304] pread64(7,  <unfinished ...>
[pid 641305] openat(AT_FDCWD, "/usr/lib/libm.so.6", O_RDONLY|O_CLOEXEC <unfinished ...>
[pid 641304] <... pread64 resumed>"\6\0\0\0\4\0\0\0@\0\0\0\0\0\0\0@\0\0\0\0\0\0\0@\0\0\0\0\0\0\0"..., 784, 64) = 784
[pid 641305] <... openat resumed>)      = 5
[pid 641304] pread64(7,  <unfinished ...>
[pid 641305] read(5,  <unfinished ...>
[pid 641304] <... pread64 resumed>"\4\0\0\0\20\0\0\0\5\0\0\0GNU\0\2\0\0\300\4\0\0\0\3\0\0\0\0\0\0\0", 32, 848) = 32
[pid 641305] <... read resumed>"\177ELF\2\1\1\3\0\0\0\0\0\0\0\0\3\0>\0\1\0\0\0\260\363\0\0\0\0\0\0"..., 832) = 832
[pid 641304] pread64(7,  <unfinished ...>
[pid 641305] fstat(5,  <unfinished ...>
[pid 641304] <... pread64 resumed>"\4\0\0\0\24\0\0\0\3\0\0\0GNU\0\207\360\21\247\344\314?\306\nT\320\323\335i\16t"..., 68, 880) = 68
[pid 641305] <... fstat resumed>{st_mode=S_IFREG|0755, st_size=1332096, ...}) = 0
[pid 641304] fstat(7,  <unfinished ...>
[pid 641305] mmap(NULL, 8192, PROT_READ|PROT_WRITE, MAP_PRIVATE|MAP_ANONYMOUS, -1, 0 <unfinished ...>
[pid 641304] <... fstat resumed>{st_mode=S_IFREG|0755, st_size=2159552, ...}) = 0
[pid 641305] <... mmap resumed>)        = 0x7f78a9edf000
[pid 641304] pread64(7,  <unfinished ...>
[pid 641305] mmap(NULL, 1331224, PROT_READ, MAP_PRIVATE|MAP_DENYWRITE, 5, 0 <unfinished ...>
[pid 641304] <... pread64 resumed>"\6\0\0\0\4\0\0\0@\0\0\0\0\0\0\0@\0\0\0\0\0\0\0@\0\0\0\0\0\0\0"..., 784, 64) = 784
[pid 641305] <... mmap resumed>)        = 0x7f78a9d99000
[pid 641304] mmap(NULL, 1868448, PROT_READ, MAP_PRIVATE|MAP_DENYWRITE, 7, 0 <unfinished ...>
[pid 641305] mmap(0x7f78a9da8000, 638976, PROT_READ|PROT_EXEC, MAP_PRIVATE|MAP_FIXED|MAP_DENYWRITE, 5, 0xf000 <unfinished ...>
[pid 641304] <... mmap resumed>)        = 0x7f711155a000
[pid 641305] <... mmap resumed>)        = 0x7f78a9da8000
[pid 641304] mmap(0x7f7111580000, 1363968, PROT_READ|PROT_EXEC, MAP_PRIVATE|MAP_FIXED|MAP_DENYWRITE, 7, 0x26000 <unfinished ...>
[pid 641305] mmap(0x7f78a9e44000, 626688, PROT_READ, MAP_PRIVATE|MAP_FIXED|MAP_DENYWRITE, 5, 0xab000 <unfinished ...>
[pid 641304] <... mmap resumed>)        = 0x7f7111580000
[pid 641305] <... mmap resumed>)        = 0x7f78a9e44000
[pid 641304] mmap(0x7f71116cd000, 311296, PROT_READ, MAP_PRIVATE|MAP_FIXED|MAP_DENYWRITE, 7, 0x173000 <unfinished ...>
[pid 641305] mmap(0x7f78a9edd000, 8192, PROT_READ|PROT_WRITE, MAP_PRIVATE|MAP_FIXED|MAP_DENYWRITE, 5, 0x143000 <unfinished ...>
[pid 641304] <... mmap resumed>)        = 0x7f71116cd000
[pid 641305] <... mmap resumed>)        = 0x7f78a9edd000
[pid 641304] mmap(0x7f7111719000, 24576, PROT_READ|PROT_WRITE, MAP_PRIVATE|MAP_FIXED|MAP_DENYWRITE, 7, 0x1be000 <unfinished ...>
[pid 641305] close(5 <unfinished ...>
[pid 641304] <... mmap resumed>)        = 0x7f7111719000
[pid 641305] <... close resumed>)       = 0
[pid 641304] mmap(0x7f711171f000, 12960, PROT_READ|PROT_WRITE, MAP_PRIVATE|MAP_FIXED|MAP_ANONYMOUS, -1, 0 <unfinished ...>
[pid 641305] openat(AT_FDCWD, "/usr/lib/libc.so.6", O_RDONLY|O_CLOEXEC <unfinished ...>
[pid 641304] <... mmap resumed>)        = 0x7f711171f000
[pid 641305] <... openat resumed>)      = 5
[pid 641305] read(5,  <unfinished ...>
[pid 641304] close(7 <unfinished ...>
[pid 641305] <... read resumed>"\177ELF\2\1\1\3\0\0\0\0\0\0\0\0\3\0>\0\1\0\0\0\220\202\2\0\0\0\0\0"..., 832) = 832
[pid 641304] <... close resumed>)       = 0
[pid 641305] pread64(5, "\6\0\0\0\4\0\0\0@\0\0\0\0\0\0\0@\0\0\0\0\0\0\0@\0\0\0\0\0\0\0"..., 784, 64) = 784
[pid 641305] pread64(5, "\4\0\0\0\20\0\0\0\5\0\0\0GNU\0\2\0\0\300\4\0\0\0\3\0\0\0\0\0\0\0", 32, 848) = 32
[pid 641304] mmap(NULL, 12288, PROT_READ|PROT_WRITE, MAP_PRIVATE|MAP_ANONYMOUS, -1, 0 <unfinished ...>
[pid 641305] pread64(5,  <unfinished ...>
[pid 641304] <... mmap resumed>)        = 0x7f7111557000
[pid 641305] <... pread64 resumed>"\4\0\0\0\24\0\0\0\3\0\0\0GNU\0\207\360\21\247\344\314?\306\nT\320\323\335i\16t"..., 68, 880) = 68
[pid 641304] arch_prctl(ARCH_SET_FS, 0x7f7111557ac0 <unfinished ...>
[pid 641305] fstat(5,  <unfinished ...>
[pid 641304] <... arch_prctl resumed>)  = 0
[pid 641305] <... fstat resumed>{st_mode=S_IFREG|0755, st_size=2159552, ...}) = 0
[pid 641305] pread64(5, "\6\0\0\0\4\0\0\0@\0\0\0\0\0\0\0@\0\0\0\0\0\0\0@\0\0\0\0\0\0\0"..., 784, 64) = 784
[pid 641305] mmap(NULL, 1868448, PROT_READ, MAP_PRIVATE|MAP_DENYWRITE, 5, 0) = 0x7f78a9bd0000
[pid 641305] mmap(0x7f78a9bf6000, 1363968, PROT_READ|PROT_EXEC, MAP_PRIVATE|MAP_FIXED|MAP_DENYWRITE, 5, 0x26000) = 0x7f78a9bf6000
[pid 641305] mmap(0x7f78a9d43000, 311296, PROT_READ, MAP_PRIVATE|MAP_FIXED|MAP_DENYWRITE, 5, 0x173000 <unfinished ...>
[pid 641304] mprotect(0x7f7111719000, 12288, PROT_READ <unfinished ...>
[pid 641305] <... mmap resumed>)        = 0x7f78a9d43000
[pid 641304] <... mprotect resumed>)    = 0
[pid 641305] mmap(0x7f78a9d8f000, 24576, PROT_READ|PROT_WRITE, MAP_PRIVATE|MAP_FIXED|MAP_DENYWRITE, 5, 0x1be000) = 0x7f78a9d8f000
[pid 641305] mmap(0x7f78a9d95000, 12960, PROT_READ|PROT_WRITE, MAP_PRIVATE|MAP_FIXED|MAP_ANONYMOUS, -1, 0 <unfinished ...>
[pid 641304] mprotect(0x7f7111867000, 4096, PROT_READ <unfinished ...>
[pid 641305] <... mmap resumed>)        = 0x7f78a9d95000
[pid 641304] <... mprotect resumed>)    = 0
[pid 641305] close(5)                   = 0
[pid 641305] mmap(NULL, 12288, PROT_READ|PROT_WRITE, MAP_PRIVATE|MAP_ANONYMOUS, -1, 0 <unfinished ...>
[pid 641304] mprotect(0x7f711193b000, 4096, PROT_READ <unfinished ...>
[pid 641305] <... mmap resumed>)        = 0x7f78a9bcd000
[pid 641304] <... mprotect resumed>)    = 0
[pid 641305] arch_prctl(ARCH_SET_FS, 0x7f78a9bcd740) = 0
[pid 641304] mprotect(0x7f7111955000, 4096, PROT_READ) = 0
[pid 641304] mprotect(0x7f711195b000, 4096, PROT_READ <unfinished ...>
[pid 641305] mprotect(0x7f78a9d8f000, 12288, PROT_READ <unfinished ...>
[pid 641304] <... mprotect resumed>)    = 0
[pid 641305] <... mprotect resumed>)    = 0
[pid 641305] mprotect(0x7f78a9edd000, 4096, PROT_READ) = 0
[pid 641305] mprotect(0x498000, 12288, PROT_READ) = 0
[pid 641305] mprotect(0x7f78a9f60000, 4096, PROT_READ) = 0
[pid 641305] munmap(0x7f78a9ee1000, 337617 <unfinished ...>
[pid 641304] mprotect(0x7f71119fb000, 8192, PROT_READ <unfinished ...>
[pid 641305] <... munmap resumed>)      = 0
[pid 641304] <... mprotect resumed>)    = 0
[pid 641305] brk(NULL)                  = 0x71c000
[pid 641305] brk(0x73d000)              = 0x73d000
[pid 641304] mprotect(0x7f7111c9f000, 12288, PROT_READ <unfinished ...>
[pid 641305] rt_sigaction(SIGCHLD, {sa_handler=SIG_DFL, sa_mask=[CHLD], sa_flags=SA_RESTORER|SA_RESTART, sa_restorer=0x7f78a9c0d6a0},  <unfinished ...>
[pid 641304] <... mprotect resumed>)    = 0
[pid 641305] <... rt_sigaction resumed>0x7ffdebc561e0, 8) = -1 EPERM (Operation not permitted)
[pid 641305] ioctl(2, TCGETS <unfinished ...>
[pid 641304] mprotect(0x7f7111cc4000, 4096, PROT_READ <unfinished ...>
[pid 641305] <... ioctl resumed>, 0x7ffdebc56310) = -1 ENOTTY (Inappropriate ioctl for device)
[pid 641304] <... mprotect resumed>)    = 0
[pid 641305] rt_sigaction(SIGQUIT, {sa_handler=SIG_IGN, sa_mask=[QUIT], sa_flags=SA_RESTORER|SA_RESTART, sa_restorer=0x7f78a9c0d6a0}, 0x7ffdebc561e0, 8) = -1 EPERM (Operation not permitted)
[pid 641304] mprotect(0x21fd000, 16384, PROT_READ <unfinished ...>
[pid 641305] rt_sigaction(SIGQUIT, {sa_handler=0x407930, sa_mask=[QUIT], sa_flags=SA_RESTORER|SA_RESTART, sa_restorer=0x7f78a9c0d6a0},  <unfinished ...>
[pid 641304] <... mprotect resumed>)    = 0
[pid 641305] <... rt_sigaction resumed>0x7ffdebc561e0, 8) = -1 EPERM (Operation not permitted)
[pid 641304] mprotect(0x7f7111d47000, 4096, PROT_READ <unfinished ...>
[pid 641305] rt_sigaction(SIGINT, {sa_handler=SIG_IGN, sa_mask=[INT], sa_flags=SA_RESTORER|SA_RESTART, sa_restorer=0x7f78a9c0d6a0},  <unfinished ...>
[pid 641304] <... mprotect resumed>)    = 0
[pid 641305] <... rt_sigaction resumed>0x7ffdebc561e0, 8) = -1 EPERM (Operation not permitted)
[pid 641305] rt_sigaction(SIGINT, {sa_handler=0x407930, sa_mask=[INT], sa_flags=SA_RESTORER|SA_RESTART, sa_restorer=0x7f78a9c0d6a0},  <unfinished ...>
[pid 641304] munmap(0x7f7111cc8000, 337617 <unfinished ...>
[pid 641305] <... rt_sigaction resumed>0x7ffdebc561e0, 8) = -1 EPERM (Operation not permitted)
[pid 641305] rt_sigaction(SIGALRM, {sa_handler=SIG_IGN, sa_mask=[ALRM], sa_flags=SA_RESTORER|SA_RESTART, sa_restorer=0x7f78a9c0d6a0},  <unfinished ...>
[pid 641304] <... munmap resumed>)      = 0
[pid 641305] <... rt_sigaction resumed>0x7ffdebc561e0, 8) = -1 EPERM (Operation not permitted)
[pid 641305] rt_sigaction(SIGALRM, {sa_handler=0x407930, sa_mask=[ALRM], sa_flags=SA_RESTORER|SA_RESTART, sa_restorer=0x7f78a9c0d6a0}, 0x7ffdebc561e0, 8) = -1 EPERM (Operation not permitted)
[pid 641305] rt_sigaction(SIGHUP, {sa_handler=SIG_IGN, sa_mask=[HUP], sa_flags=SA_RESTORER|SA_RESTART, sa_restorer=0x7f78a9c0d6a0}, 0x7ffdebc561e0, 8) = -1 EPERM (Operation not permitted)
[pid 641305] rt_sigaction(SIGHUP, {sa_handler=0x407930, sa_mask=[HUP], sa_flags=SA_RESTORER|SA_RESTART, sa_restorer=0x7f78a9c0d6a0}, 0x7ffdebc561e0, 8) = -1 EPERM (Operation not permitted)
[pid 641305] rt_sigaction(SIGSEGV, {sa_handler=SIG_IGN, sa_mask=[SEGV], sa_flags=SA_RESTORER|SA_RESTART, sa_restorer=0x7f78a9c0d6a0}, 0x7ffdebc561e0, 8) = -1 EPERM (Operation not permitted)
[pid 641304] brk(NULL <unfinished ...>
[pid 641305] rt_sigaction(SIGSEGV, {sa_handler=0x407930, sa_mask=[SEGV], sa_flags=SA_RESTORER|SA_RESTART, sa_restorer=0x7f78a9c0d6a0},  <unfinished ...>
[pid 641304] <... brk resumed>)         = 0x3ce7000
[pid 641305] <... rt_sigaction resumed>0x7ffdebc561e0, 8) = -1 EPERM (Operation not permitted)
[pid 641304] brk(0x3d08000 <unfinished ...>
[pid 641305] rt_sigaction(SIGBUS, {sa_handler=SIG_IGN, sa_mask=[BUS], sa_flags=SA_RESTORER|SA_RESTART, sa_restorer=0x7f78a9c0d6a0},  <unfinished ...>
[pid 641304] <... brk resumed>)         = 0x3d08000
[pid 641305] <... rt_sigaction resumed>0x7ffdebc561e0, 8) = -1 EPERM (Operation not permitted)
[pid 641305] rt_sigaction(SIGBUS, {sa_handler=0x407930, sa_mask=[BUS], sa_flags=SA_RESTORER|SA_RESTART, sa_restorer=0x7f78a9c0d6a0}, 0x7ffdebc561e0, 8) = -1 EPERM (Operation not permitted)
[pid 641305] stat("/usr/lib/gcc/x86_64-pc-linux-gnu/10.2.0/real-ld", 0x7ffdebc56310) = -1 ENOENT (No such file or directory)
[pid 641305] stat("/usr/lib/gcc/x86_64-pc-linux-gnu/10.2.0/real-ld", 0x7ffdebc56310) = -1 ENOENT (No such file or directory)
[pid 641305] stat("/usr/lib/gcc/x86_64-pc-linux-gnu/real-ld", 0x7ffdebc56310) = -1 ENOENT (No such file or directory)
[pid 641305] stat("/usr/lib/gcc/x86_64-pc-linux-gnu/10.2.0/real-ld",  <unfinished ...>
[pid 641304] prlimit64(0, RLIMIT_STACK, NULL,  <unfinished ...>
[pid 641305] <... stat resumed>0x7ffdebc56310) = -1 ENOENT (No such file or directory)
[pid 641304] <... prlimit64 resumed>0x7fff5b89c8e0) = -1 EPERM (Operation not permitted)
[pid 641305] stat("/usr/lib/gcc/x86_64-pc-linux-gnu/real-ld", 0x7ffdebc56310) = -1 ENOENT (No such file or directory)
[pid 641305] stat("/usr/lib/gcc/x86_64-pc-linux-gnu/10.2.0/collect-ld", 0x7ffdebc56310) = -1 ENOENT (No such file or directory)
[pid 641304] ioctl(2, TCGETS <unfinished ...>
[pid 641305] stat("/usr/lib/gcc/x86_64-pc-linux-gnu/10.2.0/collect-ld",  <unfinished ...>
[pid 641304] <... ioctl resumed>, 0x7fff5b89c850) = -1 ENOTTY (Inappropriate ioctl for device)
[pid 641305] <... stat resumed>0x7ffdebc56310) = -1 ENOENT (No such file or directory)
[pid 641305] stat("/usr/lib/gcc/x86_64-pc-linux-gnu/collect-ld",  <unfinished ...>
[pid 641304] rt_sigaction(SIGSEGV, {sa_handler=0xc8ea40, sa_mask=[SEGV], sa_flags=SA_RESTORER|SA_RESTART, sa_restorer=0x7f71115976a0},  <unfinished ...>
[pid 641305] <... stat resumed>0x7ffdebc56310) = -1 ENOENT (No such file or directory)
[pid 641304] <... rt_sigaction resumed>0x7fff5b89c720, 8) = -1 EPERM (Operation not permitted)
[pid 641305] stat("/usr/lib/gcc/x86_64-pc-linux-gnu/10.2.0/collect-ld",  <unfinished ...>
[pid 641304] rt_sigaction(SIGILL, {sa_handler=0xc8ea40, sa_mask=[ILL], sa_flags=SA_RESTORER|SA_RESTART, sa_restorer=0x7f71115976a0},  <unfinished ...>
[pid 641305] <... stat resumed>0x7ffdebc56310) = -1 ENOENT (No such file or directory)
[pid 641304] <... rt_sigaction resumed>0x7fff5b89c720, 8) = -1 EPERM (Operation not permitted)
[pid 641305] stat("/usr/lib/gcc/x86_64-pc-linux-gnu/collect-ld",  <unfinished ...>
[pid 641304] rt_sigaction(SIGBUS, {sa_handler=0xc8ea40, sa_mask=[BUS], sa_flags=SA_RESTORER|SA_RESTART, sa_restorer=0x7f71115976a0},  <unfinished ...>
[pid 641305] <... stat resumed>0x7ffdebc56310) = -1 ENOENT (No such file or directory)
[pid 641304] <... rt_sigaction resumed>0x7fff5b89c720, 8) = -1 EPERM (Operation not permitted)
[pid 641305] stat("/usr/lib/gcc/x86_64-pc-linux-gnu/10.2.0/ld",  <unfinished ...>
[pid 641304] rt_sigaction(SIGABRT, {sa_handler=0xc8ea40, sa_mask=[ABRT], sa_flags=SA_RESTORER|SA_RESTART, sa_restorer=0x7f71115976a0},  <unfinished ...>
[pid 641305] <... stat resumed>0x7ffdebc56310) = -1 ENOENT (No such file or directory)
[pid 641304] <... rt_sigaction resumed>0x7fff5b89c720, 8) = -1 EPERM (Operation not permitted)
[pid 641305] stat("/usr/lib/gcc/x86_64-pc-linux-gnu/10.2.0/ld",  <unfinished ...>
[pid 641304] rt_sigaction(SIGFPE, {sa_handler=0xc8ea40, sa_mask=[FPE], sa_flags=SA_RESTORER|SA_RESTART, sa_restorer=0x7f71115976a0},  <unfinished ...>
[pid 641305] <... stat resumed>0x7ffdebc56310) = -1 ENOENT (No such file or directory)
[pid 641304] <... rt_sigaction resumed>0x7fff5b89c720, 8) = -1 EPERM (Operation not permitted)
[pid 641305] stat("/usr/lib/gcc/x86_64-pc-linux-gnu/ld",  <unfinished ...>
[pid 641304] mmap(NULL, 4096, PROT_READ|PROT_WRITE, MAP_PRIVATE|MAP_ANONYMOUS, -1, 0 <unfinished ...>
[pid 641305] <... stat resumed>0x7ffdebc56310) = -1 ENOENT (No such file or directory)
[pid 641304] <... mmap resumed>)        = 0x7f7111d1a000
[pid 641305] stat("/usr/lib/gcc/x86_64-pc-linux-gnu/10.2.0/ld", 0x7ffdebc56310) = -1 ENOENT (No such file or directory)
[pid 641305] stat("/usr/lib/gcc/x86_64-pc-linux-gnu/ld",  <unfinished ...>
[pid 641304] mmap(NULL, 135168, PROT_READ|PROT_WRITE, MAP_PRIVATE|MAP_ANONYMOUS, -1, 0 <unfinished ...>
[pid 641305] <... stat resumed>0x7ffdebc56310) = -1 ENOENT (No such file or directory)
[pid 641304] <... mmap resumed>)        = 0x7f7111cf9000
[pid 641305] stat("/home/hexular/.cargo/bin/ld",  <unfinished ...>
[pid 641304] brk(0x3d2b000 <unfinished ...>
[pid 641305] <... stat resumed>0x7ffdebc56310) = -1 ENOENT (No such file or directory)
[pid 641304] <... brk resumed>)         = 0x3d2b000
[pid 641305] stat("/home/hexular/.cargo/bin/ld", 0x7ffdebc56310) = -1 ENOENT (No such file or directory)
[pid 641305] stat("/home/hexular/.local/bin/ld",  <unfinished ...>
[pid 641304] mmap(NULL, 2097152, PROT_READ|PROT_WRITE, MAP_PRIVATE|MAP_ANONYMOUS, -1, 0 <unfinished ...>
[pid 641305] <... stat resumed>0x7ffdebc56310) = -1 ENOENT (No such file or directory)
[pid 641304] <... mmap resumed>)        = 0x7f7111357000
[pid 641305] stat("/home/hexular/.local/bin/ld", 0x7ffdebc56310) = -1 ENOENT (No such file or directory)
[pid 641305] stat("/usr/local/sbin/ld", 0x7ffdebc56310) = -1 ENOENT (No such file or directory)
[pid 641305] stat("/usr/local/bin/ld", 0x7ffdebc56310) = -1 ENOENT (No such file or directory)
[pid 641304] mmap(NULL, 8192, PROT_READ|PROT_WRITE, MAP_PRIVATE|MAP_ANONYMOUS, -1, 0 <unfinished ...>
[pid 641305] stat("/usr/bin/ld",  <unfinished ...>
[pid 641304] <... mmap resumed>)        = 0x7f7111cf7000
[pid 641305] <... stat resumed>{st_mode=S_IFREG|0755, st_size=1715464, ...}) = 0
[pid 641304] mmap(NULL, 8192, PROT_READ|PROT_WRITE, MAP_PRIVATE|MAP_ANONYMOUS, -1, 0 <unfinished ...>
[pid 641305] access("/usr/bin/ld", X_OK <unfinished ...>
[pid 641304] <... mmap resumed>)        = 0x7f7111cf5000
[pid 641305] <... access resumed>)      = 0
[pid 641305] stat("/usr/lib/gcc/x86_64-pc-linux-gnu/10.2.0/gnm",  <unfinished ...>
[pid 641304] mmap(NULL, 8192, PROT_READ|PROT_WRITE, MAP_PRIVATE|MAP_ANONYMOUS, -1, 0 <unfinished ...>
[pid 641305] <... stat resumed>0x7ffdebc56310) = -1 ENOENT (No such file or directory)
[pid 641304] <... mmap resumed>)        = 0x7f7111cf3000
[pid 641305] stat("/usr/lib/gcc/x86_64-pc-linux-gnu/10.2.0/gnm",  <unfinished ...>
[pid 641304] mmap(NULL, 16384, PROT_READ|PROT_WRITE, MAP_PRIVATE|MAP_ANONYMOUS, -1, 0 <unfinished ...>
[pid 641305] <... stat resumed>0x7ffdebc56310) = -1 ENOENT (No such file or directory)
[pid 641304] <... mmap resumed>)        = 0x7f7111cef000
[pid 641305] stat("/usr/lib/gcc/x86_64-pc-linux-gnu/gnm", 0x7ffdebc56310) = -1 ENOENT (No such file or directory)
[pid 641305] stat("/usr/lib/gcc/x86_64-pc-linux-gnu/10.2.0/gnm", 0x7ffdebc56310) = -1 ENOENT (No such file or directory)
[pid 641305] stat("/usr/lib/gcc/x86_64-pc-linux-gnu/gnm", 0x7ffdebc56310) = -1 ENOENT (No such file or directory)
[pid 641305] stat("/home/hexular/.cargo/bin/gnm", 0x7ffdebc56310) = -1 ENOENT (No such file or directory)
[pid 641305] stat("/home/hexular/.cargo/bin/gnm", 0x7ffdebc56310) = -1 ENOENT (No such file or directory)
[pid 641305] stat("/home/hexular/.local/bin/gnm", 0x7ffdebc56310) = -1 ENOENT (No such file or directory)
[pid 641305] stat("/home/hexular/.local/bin/gnm", 0x7ffdebc56310) = -1 ENOENT (No such file or directory)
[pid 641305] stat("/usr/local/sbin/gnm", 0x7ffdebc56310) = -1 ENOENT (No such file or directory)
[pid 641305] stat("/usr/local/bin/gnm", 0x7ffdebc56310) = -1 ENOENT (No such file or directory)
[pid 641305] stat("/usr/bin/gnm", 0x7ffdebc56310) = -1 ENOENT (No such file or directory)
[pid 641305] stat("/opt/android-ndk/gnm", 0x7ffdebc56310) = -1 ENOENT (No such file or directory)
[pid 641305] stat("/opt/android-sdk/platform-tools/gnm", 0x7ffdebc56310) = -1 ENOENT (No such file or directory)
[pid 641305] stat("/opt/android-sdk/tools/gnm", 0x7ffdebc56310) = -1 ENOENT (No such file or directory)
[pid 641305] stat("/opt/android-sdk/tools/bin/gnm", 0x7ffdebc56310) = -1 ENOENT (No such file or directory)
[pid 641305] stat("/opt/cuda/bin/gnm", 0x7ffdebc56310) = -1 ENOENT (No such file or directory)
[pid 641305] stat("/usr/lib/jvm/default/bin/gnm", 0x7ffdebc56310) = -1 ENOENT (No such file or directory)
[pid 641305] stat("/usr/bin/site_perl/gnm", 0x7ffdebc56310) = -1 ENOENT (No such file or directory)
[pid 641305] stat("/usr/bin/vendor_perl/gnm", 0x7ffdebc56310) = -1 ENOENT (No such file or directory)
[pid 641305] stat("/usr/bin/core_perl/gnm", 0x7ffdebc56310) = -1 ENOENT (No such file or directory)
[pid 641305] stat("/home/hexular/.pip-target/bin/gnm", 0x7ffdebc56310) = -1 ENOENT (No such file or directory)
[pid 641305] stat("/home/hexular/.yarn/bin/gnm",  <unfinished ...>
[pid 641304] brk(0x3d4c000 <unfinished ...>
[pid 641305] <... stat resumed>0x7ffdebc56310) = -1 ENOENT (No such file or directory)
[pid 641304] <... brk resumed>)         = 0x3d4c000
[pid 641305] stat("/home/hexular/.gem/ruby/2.6.0/bin/gnm", 0x7ffdebc56310) = -1 ENOENT (No such file or directory)
[pid 641305] stat("/home/hexular/.luarocks/bin/gnm", 0x7ffdebc56310) = -1 ENOENT (No such file or directory)
[pid 641305] stat("/home/hexular/.pip-target/bin/gnm", 0x7ffdebc56310) = -1 ENOENT (No such file or directory)
[pid 641305] stat("/home/hexular/.yarn/bin/gnm", 0x7ffdebc56310) = -1 ENOENT (No such file or directory)
[pid 641305] stat("/home/hexular/.gem/ruby/2.6.0/bin/gnm", 0x7ffdebc56310) = -1 ENOENT (No such file or directory)
[pid 641305] stat("/home/hexular/.luarocks/bin/gnm", 0x7ffdebc56310) = -1 ENOENT (No such file or directory)
[pid 641305] stat("/usr/lib/gcc/x86_64-pc-linux-gnu/10.2.0/nm", 0x7ffdebc56310) = -1 ENOENT (No such file or directory)
[pid 641305] stat("/usr/lib/gcc/x86_64-pc-linux-gnu/10.2.0/nm", 0x7ffdebc56310) = -1 ENOENT (No such file or directory)
[pid 641305] stat("/usr/lib/gcc/x86_64-pc-linux-gnu/nm", 0x7ffdebc56310) = -1 ENOENT (No such file or directory)
[pid 641305] stat("/usr/lib/gcc/x86_64-pc-linux-gnu/10.2.0/nm", 0x7ffdebc56310) = -1 ENOENT (No such file or directory)
[pid 641305] stat("/usr/lib/gcc/x86_64-pc-linux-gnu/nm", 0x7ffdebc56310) = -1 ENOENT (No such file or directory)
[pid 641305] stat("/home/hexular/.cargo/bin/nm", 0x7ffdebc56310) = -1 ENOENT (No such file or directory)
[pid 641305] stat("/home/hexular/.cargo/bin/nm", 0x7ffdebc56310) = -1 ENOENT (No such file or directory)
[pid 641305] stat("/home/hexular/.local/bin/nm", 0x7ffdebc56310) = -1 ENOENT (No such file or directory)
[pid 641305] stat("/home/hexular/.local/bin/nm", 0x7ffdebc56310) = -1 ENOENT (No such file or directory)
[pid 641305] stat("/usr/local/sbin/nm", 0x7ffdebc56310) = -1 ENOENT (No such file or directory)
[pid 641305] stat("/usr/local/bin/nm", 0x7ffdebc56310) = -1 ENOENT (No such file or directory)
[pid 641305] stat("/usr/bin/nm", {st_mode=S_IFREG|0755, st_size=48120, ...}) = 0
[pid 641305] access("/usr/bin/nm", X_OK) = 0
[pid 641305] stat("/usr/lib/gcc/x86_64-pc-linux-gnu/10.2.0/gstrip", 0x7ffdebc56310) = -1 ENOENT (No such file or directory)
[pid 641305] stat("/usr/lib/gcc/x86_64-pc-linux-gnu/10.2.0/gstrip",  <unfinished ...>
[pid 641304] brk(0x3d71000 <unfinished ...>
[pid 641305] <... stat resumed>0x7ffdebc56310) = -1 ENOENT (No such file or directory)
[pid 641304] <... brk resumed>)         = 0x3d71000
[pid 641305] stat("/usr/lib/gcc/x86_64-pc-linux-gnu/gstrip", 0x7ffdebc56310) = -1 ENOENT (No such file or directory)
[pid 641304] sysinfo( <unfinished ...>
[pid 641305] stat("/usr/lib/gcc/x86_64-pc-linux-gnu/10.2.0/gstrip",  <unfinished ...>
[pid 641304] <... sysinfo resumed>{uptime=630103, loads=[39360, 44704, 45408], totalram=16727937024, freeram=2009464832, sharedram=537976832, bufferram=1706393600, totalswap=0, freeswap=0, procs=983, totalhigh=0, freehigh=0, mem_unit=1}) = 0
[pid 641305] <... stat resumed>0x7ffdebc56310) = -1 ENOENT (No such file or directory)
[pid 641304] prlimit64(0, RLIMIT_AS, NULL,  <unfinished ...>
[pid 641305] stat("/usr/lib/gcc/x86_64-pc-linux-gnu/gstrip",  <unfinished ...>
[pid 641304] <... prlimit64 resumed>0x7fff5b89c8b0) = -1 EPERM (Operation not permitted)
[pid 641305] <... stat resumed>0x7ffdebc56310) = -1 ENOENT (No such file or directory)
[pid 641304] sysinfo( <unfinished ...>
[pid 641305] stat("/home/hexular/.cargo/bin/gstrip",  <unfinished ...>
[pid 641304] <... sysinfo resumed>{uptime=630103, loads=[39360, 44704, 45408], totalram=16727937024, freeram=2009464832, sharedram=537976832, bufferram=1706393600, totalswap=0, freeswap=0, procs=983, totalhigh=0, freehigh=0, mem_unit=1}) = 0
[pid 641305] <... stat resumed>0x7ffdebc56310) = -1 ENOENT (No such file or directory)
[pid 641304] prlimit64(0, RLIMIT_AS, NULL,  <unfinished ...>
[pid 641305] stat("/home/hexular/.cargo/bin/gstrip",  <unfinished ...>
[pid 641304] <... prlimit64 resumed>0x7fff5b89c8f0) = -1 EPERM (Operation not permitted)
[pid 641305] <... stat resumed>0x7ffdebc56310) = -1 ENOENT (No such file or directory)
[pid 641304] prlimit64(0, RLIMIT_RSS, NULL,  <unfinished ...>
[pid 641305] stat("/home/hexular/.local/bin/gstrip",  <unfinished ...>
[pid 641304] <... prlimit64 resumed>0x7fff5b89c8f0) = -1 EPERM (Operation not permitted)
[pid 641305] <... stat resumed>0x7ffdebc56310) = -1 ENOENT (No such file or directory)
[pid 641304] sysinfo( <unfinished ...>
[pid 641305] stat("/home/hexular/.local/bin/gstrip",  <unfinished ...>
[pid 641304] <... sysinfo resumed>{uptime=630103, loads=[39360, 44704, 45408], totalram=16727937024, freeram=2009464832, sharedram=537976832, bufferram=1706393600, totalswap=0, freeswap=0, procs=983, totalhigh=0, freehigh=0, mem_unit=1}) = 0
[pid 641305] <... stat resumed>0x7ffdebc56310) = -1 ENOENT (No such file or directory)
[pid 641304] prlimit64(0, RLIMIT_AS, NULL,  <unfinished ...>
[pid 641305] stat("/usr/local/sbin/gstrip",  <unfinished ...>
[pid 641304] <... prlimit64 resumed>0x7fff5b89c8b0) = -1 EPERM (Operation not permitted)
[pid 641305] <... stat resumed>0x7ffdebc56310) = -1 ENOENT (No such file or directory)
[pid 641305] stat("/usr/local/bin/gstrip", 0x7ffdebc56310) = -1 ENOENT (No such file or directory)
[pid 641305] stat("/usr/bin/gstrip", 0x7ffdebc56310) = -1 ENOENT (No such file or directory)
[pid 641305] stat("/opt/android-ndk/gstrip", 0x7ffdebc56310) = -1 ENOENT (No such file or directory)
[pid 641305] stat("/opt/android-sdk/platform-tools/gstrip", 0x7ffdebc56310) = -1 ENOENT (No such file or directory)
[pid 641305] stat("/opt/android-sdk/tools/gstrip", 0x7ffdebc56310) = -1 ENOENT (No such file or directory)
[pid 641305] stat("/opt/android-sdk/tools/bin/gstrip", 0x7ffdebc56310) = -1 ENOENT (No such file or directory)
[pid 641305] stat("/opt/cuda/bin/gstrip", 0x7ffdebc56310) = -1 ENOENT (No such file or directory)
[pid 641305] stat("/usr/lib/jvm/default/bin/gstrip",  <unfinished ...>
[pid 641304] access("/usr/lib/gcc/x86_64-pc-linux-gnu/10.2.0/", X_OK <unfinished ...>
[pid 641305] <... stat resumed>0x7ffdebc56310) = -1 ENOENT (No such file or directory)
[pid 641304] <... access resumed>)      = 0
[pid 641305] stat("/usr/bin/site_perl/gstrip",  <unfinished ...>
[pid 641304] access("/usr/lib/gcc/x86_64-pc-linux-gnu/10.2.0/", X_OK <unfinished ...>
[pid 641305] <... stat resumed>0x7ffdebc56310) = -1 ENOENT (No such file or directory)
[pid 641304] <... access resumed>)      = 0
[pid 641305] stat("/usr/bin/vendor_perl/gstrip",  <unfinished ...>
[pid 641304] access("/usr/lib/gcc/x86_64-pc-linux-gnu/10.2.0/", X_OK <unfinished ...>
[pid 641305] <... stat resumed>0x7ffdebc56310) = -1 ENOENT (No such file or directory)
[pid 641304] <... access resumed>)      = 0
[pid 641305] stat("/usr/bin/core_perl/gstrip",  <unfinished ...>
[pid 641304] access("/usr/lib/gcc/x86_64-pc-linux-gnu/10.2.0/", X_OK <unfinished ...>
[pid 641305] <... stat resumed>0x7ffdebc56310) = -1 ENOENT (No such file or directory)
[pid 641304] <... access resumed>)      = 0
[pid 641305] stat("/home/hexular/.pip-target/bin/gstrip",  <unfinished ...>
[pid 641304] stat("/usr/lib/gcc/x86_64-pc-linux-gnu/10.2.0/../../../../include/c++/10.2.0",  <unfinished ...>
[pid 641305] <... stat resumed>0x7ffdebc56310) = -1 ENOENT (No such file or directory)
[pid 641304] <... stat resumed>{st_mode=S_IFDIR|0755, st_size=4096, ...}) = 0
[pid 641305] stat("/home/hexular/.yarn/bin/gstrip",  <unfinished ...>
[pid 641304] stat("/usr/lib/gcc/x86_64-pc-linux-gnu/10.2.0/../../../../include/c++/10.2.0/x86_64-pc-linux-gnu",  <unfinished ...>
[pid 641305] <... stat resumed>0x7ffdebc56310) = -1 ENOENT (No such file or directory)
[pid 641304] <... stat resumed>{st_mode=S_IFDIR|0755, st_size=4096, ...}) = 0
[pid 641305] stat("/home/hexular/.gem/ruby/2.6.0/bin/gstrip",  <unfinished ...>
[pid 641304] stat("/usr/lib/gcc/x86_64-pc-linux-gnu/10.2.0/../../../../include/c++/10.2.0/backward",  <unfinished ...>
[pid 641305] <... stat resumed>0x7ffdebc56310) = -1 ENOENT (No such file or directory)
[pid 641304] <... stat resumed>{st_mode=S_IFDIR|0755, st_size=4096, ...}) = 0
[pid 641305] stat("/home/hexular/.luarocks/bin/gstrip",  <unfinished ...>
[pid 641304] stat("/usr/lib/gcc/x86_64-pc-linux-gnu/10.2.0/include",  <unfinished ...>
[pid 641305] <... stat resumed>0x7ffdebc56310) = -1 ENOENT (No such file or directory)
[pid 641304] <... stat resumed>{st_mode=S_IFDIR|0755, st_size=4096, ...}) = 0
[pid 641305] stat("/home/hexular/.pip-target/bin/gstrip",  <unfinished ...>
[pid 641304] stat("/usr/local/include",  <unfinished ...>
[pid 641305] <... stat resumed>0x7ffdebc56310) = -1 ENOENT (No such file or directory)
[pid 641304] <... stat resumed>{st_mode=S_IFDIR|0755, st_size=4096, ...}) = 0
[pid 641305] stat("/home/hexular/.yarn/bin/gstrip",  <unfinished ...>
[pid 641304] stat("/usr/lib/gcc/x86_64-pc-linux-gnu/10.2.0/include-fixed",  <unfinished ...>
[pid 641305] <... stat resumed>0x7ffdebc56310) = -1 ENOENT (No such file or directory)
[pid 641304] <... stat resumed>{st_mode=S_IFDIR|0755, st_size=4096, ...}) = 0
[pid 641305] stat("/home/hexular/.gem/ruby/2.6.0/bin/gstrip",  <unfinished ...>
[pid 641304] stat("/usr/lib/gcc/x86_64-pc-linux-gnu/10.2.0/../../../../x86_64-pc-linux-gnu/include",  <unfinished ...>
[pid 641305] <... stat resumed>0x7ffdebc56310) = -1 ENOENT (No such file or directory)
[pid 641304] <... stat resumed>0x7fff5b89c790) = -1 ENOENT (No such file or directory)
[pid 641305] stat("/home/hexular/.luarocks/bin/gstrip",  <unfinished ...>
[pid 641304] stat("/usr/include",  <unfinished ...>
[pid 641305] <... stat resumed>0x7ffdebc56310) = -1 ENOENT (No such file or directory)
[pid 641304] <... stat resumed>{st_mode=S_IFDIR|0755, st_size=65536, ...}) = 0
[pid 641305] stat("/usr/lib/gcc/x86_64-pc-linux-gnu/10.2.0/strip", 0x7ffdebc56310) = -1 ENOENT (No such file or directory)
[pid 641305] stat("/usr/lib/gcc/x86_64-pc-linux-gnu/10.2.0/strip",  <unfinished ...>
[pid 641304] stat("/home/hexular/Desktop/prog/github/rhuver/backend/sandbox/tests/test_compile.cpp.gch",  <unfinished ...>
[pid 641305] <... stat resumed>0x7ffdebc56310) = -1 ENOENT (No such file or directory)
[pid 641304] <... stat resumed>0x7fff5b89c7e0) = -1 ENOENT (No such file or directory)
[pid 641305] stat("/usr/lib/gcc/x86_64-pc-linux-gnu/strip",  <unfinished ...>
[pid 641304] openat(AT_FDCWD, "/home/hexular/Desktop/prog/github/rhuver/backend/sandbox/tests/test_compile.cpp", O_RDONLY|O_NOCTTY <unfinished ...>
[pid 641305] <... stat resumed>0x7ffdebc56310) = -1 ENOENT (No such file or directory)
[pid 641304] <... openat resumed>)      = 7
[pid 641305] stat("/usr/lib/gcc/x86_64-pc-linux-gnu/10.2.0/strip",  <unfinished ...>
[pid 641304] fstat(7,  <unfinished ...>
[pid 641305] <... stat resumed>0x7ffdebc56310) = -1 ENOENT (No such file or directory)
[pid 641304] <... fstat resumed>{st_mode=S_IFREG|0644, st_size=14, ...}) = 0
[pid 641305] stat("/usr/lib/gcc/x86_64-pc-linux-gnu/strip",  <unfinished ...>
[pid 641304] read(7,  <unfinished ...>
[pid 641305] <... stat resumed>0x7ffdebc56310) = -1 ENOENT (No such file or directory)
[pid 641304] <... read resumed>"int main() {}\n", 14) = 14
[pid 641305] stat("/home/hexular/.cargo/bin/strip",  <unfinished ...>
[pid 641304] close(7 <unfinished ...>
[pid 641305] <... stat resumed>0x7ffdebc56310) = -1 ENOENT (No such file or directory)
[pid 641304] <... close resumed>)       = 0
[pid 641305] stat("/home/hexular/.cargo/bin/strip",  <unfinished ...>
[pid 641304] mmap(NULL, 8192, PROT_READ|PROT_WRITE, MAP_PRIVATE|MAP_ANONYMOUS, -1, 0 <unfinished ...>
[pid 641305] <... stat resumed>0x7ffdebc56310) = -1 ENOENT (No such file or directory)
[pid 641304] <... mmap resumed>)        = 0x7f7111ced000
[pid 641305] stat("/home/hexular/.local/bin/strip", 0x7ffdebc56310) = -1 ENOENT (No such file or directory)
[pid 641305] stat("/home/hexular/.local/bin/strip", 0x7ffdebc56310) = -1 ENOENT (No such file or directory)
[pid 641305] stat("/usr/local/sbin/strip", 0x7ffdebc56310) = -1 ENOENT (No such file or directory)
[pid 641305] stat("/usr/local/bin/strip", 0x7ffdebc56310) = -1 ENOENT (No such file or directory)
[pid 641305] stat("/usr/bin/strip", {st_mode=S_IFREG|0755, st_size=186416, ...}) = 0
[pid 641305] access("/usr/bin/strip", X_OK) = 0
[pid 641305] stat("/usr/lib/gcc/x86_64-pc-linux-gnu/10.2.0/g++", 0x7ffdebc56310) = -1 ENOENT (No such file or directory)
[pid 641304] mmap(NULL, 8192, PROT_READ|PROT_WRITE, MAP_PRIVATE|MAP_ANONYMOUS, -1, 0 <unfinished ...>
[pid 641305] stat("/usr/lib/gcc/x86_64-pc-linux-gnu/10.2.0/g++",  <unfinished ...>
[pid 641304] <... mmap resumed>)        = 0x7f7111ceb000
[pid 641305] <... stat resumed>0x7ffdebc56310) = -1 ENOENT (No such file or directory)
[pid 641305] stat("/usr/lib/gcc/x86_64-pc-linux-gnu/g++", 0x7ffdebc56310) = -1 ENOENT (No such file or directory)
[pid 641305] stat("/usr/lib/gcc/x86_64-pc-linux-gnu/10.2.0/g++", 0x7ffdebc56310) = -1 ENOENT (No such file or directory)
[pid 641305] stat("/usr/lib/gcc/x86_64-pc-linux-gnu/g++", 0x7ffdebc56310) = -1 ENOENT (No such file or directory)
[pid 641305] stat("/home/hexular/.cargo/bin/g++", 0x7ffdebc56310) = -1 ENOENT (No such file or directory)
[pid 641305] stat("/home/hexular/.cargo/bin/g++", 0x7ffdebc56310) = -1 ENOENT (No such file or directory)
[pid 641305] stat("/home/hexular/.local/bin/g++", 0x7ffdebc56310) = -1 ENOENT (No such file or directory)
[pid 641305] stat("/home/hexular/.local/bin/g++", 0x7ffdebc56310) = -1 ENOENT (No such file or directory)
[pid 641305] stat("/usr/local/sbin/g++", 0x7ffdebc56310) = -1 ENOENT (No such file or directory)
[pid 641305] stat("/usr/local/bin/g++", 0x7ffdebc56310) = -1 ENOENT (No such file or directory)
[pid 641305] stat("/usr/bin/g++", {st_mode=S_IFREG|0755, st_size=1215280, ...}) = 0
[pid 641305] access("/usr/bin/g++", X_OK) = 0
[pid 641305] access("/tmp", R_OK|W_OK|X_OK) = 0
[pid 641305] getpid()                   = -1 EPERM (Operation not permitted)
[pid 641305] openat(AT_FDCWD, "/tmp/ccYppK4a.cdtor.c", O_RDWR|O_CREAT|O_EXCL, 0600) = 5
[pid 641305] close(5)                   = 0
[pid 641305] getpid()                   = -1 EPERM (Operation not permitted)
[pid 641305] openat(AT_FDCWD, "/tmp/ccsB7a39.cdtor.o", O_RDWR|O_CREAT|O_EXCL, 0600) = 5
[pid 641305] close(5)                   = 0
[pid 641305] pipe2(0x7ffdebc56240, O_CLOEXEC) = -1 EPERM (Operation not permitted)
[pid 641305] vfork(strace: Process 641306 attached
 <unfinished ...>
[pid 641306] execve("/usr/bin/ld", ["/usr/bin/ld", "-plugin", "/usr/lib/gcc/x86_64-pc-linux-gnu"..., "-plugin-opt=/usr/lib/gcc/x86_64-"..., "-plugin-opt=-fresolution=/tmp/cc"..., "-plugin-opt=-pass-through=-lgcc_"..., "-plugin-opt=-pass-through=-lgcc", "-plugin-opt=-pass-through=-lc", "-plugin-opt=-pass-through=-lgcc_"..., "-plugin-opt=-pass-through=-lgcc", "--build-id", "--eh-frame-hdr", "--hash-style=gnu", "-m", "elf_x86_64", "-dynamic-linker", "/lib64/ld-linux-x86-64.so.2", "-pie", "-o", "test_fail.x86_64", "/usr/lib/gcc/x86_64-pc-linux-gnu"..., "/usr/lib/gcc/x86_64-pc-linux-gnu"..., "/usr/lib/gcc/x86_64-pc-linux-gnu"..., "-L/usr/lib/gcc/x86_64-pc-linux-g"..., "-L/usr/lib/gcc/x86_64-pc-linux-g"..., "-L/lib/../lib", "-L/usr/lib/../lib", "-L/usr/lib/gcc/x86_64-pc-linux-g"..., "/home/hexular/Desktop/prog/githu"..., "-lstdc++", "-lm", "-lgcc_s", ...], 0x7ffdebc566e0 /* 6 vars */ <unfinished ...>
[pid 641305] <... vfork resumed>)       = 641306
[pid 641305] wait4(641306,  <unfinished ...>
[pid 641306] <... execve resumed>)      = 0
[pid 641306] brk(NULL)                  = 0x5592830ca000
[pid 641306] arch_prctl(0x3001 /* ARCH_??? */, 0x7ffdc0260b30) = -1 EINVAL (Invalid argument)
[pid 641306] access("/etc/ld.so.preload", R_OK) = -1 ENOENT (No such file or directory)
[pid 641306] openat(AT_FDCWD, "/etc/ld.so.cache", O_RDONLY|O_CLOEXEC) = 5
[pid 641306] fstat(5, {st_mode=S_IFREG|0644, st_size=337617, ...}) = 0
[pid 641306] mmap(NULL, 337617, PROT_READ, MAP_PRIVATE, 5, 0) = 0x7ff49cadc000
[pid 641306] close(5)                   = 0
[pid 641306] openat(AT_FDCWD, "/usr/lib/libbfd-2.35.1.so", O_RDONLY|O_CLOEXEC) = 5
[pid 641306] read(5, "\177ELF\2\1\1\0\0\0\0\0\0\0\0\0\3\0>\0\1\0\0\0 \0\4\0\0\0\0\0"..., 832) = 832
[pid 641306] fstat(5, {st_mode=S_IFREG|0755, st_size=1308952, ...}) = 0
[pid 641306] mmap(NULL, 8192, PROT_READ|PROT_WRITE, MAP_PRIVATE|MAP_ANONYMOUS, -1, 0) = 0x7ff49cada000
[pid 641306] mmap(NULL, 1329080, PROT_READ, MAP_PRIVATE|MAP_DENYWRITE, 5, 0) = 0x7ff49c995000
[pid 641306] mmap(0x7ff49c9d5000, 724992, PROT_READ|PROT_EXEC, MAP_PRIVATE|MAP_FIXED|MAP_DENYWRITE, 5, 0x40000) = 0x7ff49c9d5000
[pid 641306] mmap(0x7ff49ca86000, 229376, PROT_READ, MAP_PRIVATE|MAP_FIXED|MAP_DENYWRITE, 5, 0xf1000) = 0x7ff49ca86000
[pid 641306] mmap(0x7ff49cabe000, 98304, PROT_READ|PROT_WRITE, MAP_PRIVATE|MAP_FIXED|MAP_DENYWRITE, 5, 0x128000) = 0x7ff49cabe000
[pid 641306] mmap(0x7ff49cad6000, 14264, PROT_READ|PROT_WRITE, MAP_PRIVATE|MAP_FIXED|MAP_ANONYMOUS, -1, 0) = 0x7ff49cad6000
[pid 641306] close(5)                   = 0
[pid 641306] openat(AT_FDCWD, "/usr/lib/libctf.so.0", O_RDONLY|O_CLOEXEC) = 5
[pid 641306] read(5, "\177ELF\2\1\1\0\0\0\0\0\0\0\0\0\3\0>\0\1\0\0\0 @\0\0\0\0\0\0"..., 832) = 832
[pid 641306] fstat(5, {st_mode=S_IFREG|0755, st_size=116512, ...}) = 0
[pid 641306] mmap(NULL, 118856, PROT_READ, MAP_PRIVATE|MAP_DENYWRITE, 5, 0) = 0x7ff49c977000
[pid 641306] mprotect(0x7ff49c97b000, 98304, PROT_NONE) = 0
[pid 641306] mmap(0x7ff49c97b000, 69632, PROT_READ|PROT_EXEC, MAP_PRIVATE|MAP_FIXED|MAP_DENYWRITE, 5, 0x4000) = 0x7ff49c97b000
[pid 641306] mmap(0x7ff49c98c000, 24576, PROT_READ, MAP_PRIVATE|MAP_FIXED|MAP_DENYWRITE, 5, 0x15000) = 0x7ff49c98c000
[pid 641306] mmap(0x7ff49c993000, 8192, PROT_READ|PROT_WRITE, MAP_PRIVATE|MAP_FIXED|MAP_DENYWRITE, 5, 0x1b000) = 0x7ff49c993000
[pid 641306] close(5)                   = 0
[pid 641306] openat(AT_FDCWD, "/usr/lib/libdl.so.2", O_RDONLY|O_CLOEXEC) = 5
[pid 641306] read(5, "\177ELF\2\1\1\0\0\0\0\0\0\0\0\0\3\0>\0\1\0\0\0\20\22\0\0\0\0\0\0"..., 832) = 832
[pid 641306] fstat(5, {st_mode=S_IFREG|0755, st_size=18608, ...}) = 0
[pid 641306] mmap(NULL, 20624, PROT_READ, MAP_PRIVATE|MAP_DENYWRITE, 5, 0) = 0x7ff49c971000
[pid 641306] mmap(0x7ff49c972000, 8192, PROT_READ|PROT_EXEC, MAP_PRIVATE|MAP_FIXED|MAP_DENYWRITE, 5, 0x1000) = 0x7ff49c972000
[pid 641306] mmap(0x7ff49c974000, 4096, PROT_READ, MAP_PRIVATE|MAP_FIXED|MAP_DENYWRITE, 5, 0x3000) = 0x7ff49c974000
[pid 641306] mmap(0x7ff49c975000, 8192, PROT_READ|PROT_WRITE, MAP_PRIVATE|MAP_FIXED|MAP_DENYWRITE, 5, 0x3000) = 0x7ff49c975000
[pid 641306] close(5)                   = 0
[pid 641306] openat(AT_FDCWD, "/usr/lib/libc.so.6", O_RDONLY|O_CLOEXEC) = 5
[pid 641306] read(5, "\177ELF\2\1\1\3\0\0\0\0\0\0\0\0\3\0>\0\1\0\0\0\220\202\2\0\0\0\0\0"..., 832) = 832
[pid 641306] pread64(5, "\6\0\0\0\4\0\0\0@\0\0\0\0\0\0\0@\0\0\0\0\0\0\0@\0\0\0\0\0\0\0"..., 784, 64) = 784
